>>>>>>>>>>>>>>>>>>>>>>>>>>>>>>>>>>>>>>>>>>>>>>>>>>>>>>>>>>>>>>>>>>>>>>>>>>>>>>
>>>> Toolkit for HEP Event Generation - ThePEG 2.3.0 <<<<<<<<<<<<<<<<<<<<<<<<<
>>>> Sun Jun 16 10:19:00 2024                                             <<<<
<<<<<<<<<<<<<<<<<<<<<<<<<<<<<<<<<<<<<<<<<<<<<<<<<<<<<<<<<<<<<<<<<<<<<<<<<<<<<<

>> Herwig 7.3.0 / ThePEG 2.3.0

==============================================================================
Statistics for event handler 'EventHandler':
                                       generated    number of    Cross-section
                                          events     attempts             (nb)
==============================================================================
Total (from attempted events): including vetoed events          0.1381(7)e+06
==============================================================================
Total (from generated events):            10000        10001    0.1381(7)e+06
Events carry unit weights.
==============================================================================
Per matrix element breakdown:
MEQCD2to2                                  10000        10001    0.1381(7)e+06
MEHeavyQuark                                   0            0                0
==============================================================================
