>>>>>>>>>>>>>>>>>>>>>>>>>>>>>>>>>>>>>>>>>>>>>>>>>>>>>>>>>>>>>>>>>>>>>>>>>>>>>>
>>>> Toolkit for HEP Event Generation - ThePEG 2.3.0 <<<<<<<<<<<<<<<<<<<<<<<<<
>>>> Mon Jun 17 11:00:27 2024                                             <<<<
<<<<<<<<<<<<<<<<<<<<<<<<<<<<<<<<<<<<<<<<<<<<<<<<<<<<<<<<<<<<<<<<<<<<<<<<<<<<<<

>> Herwig 7.3.0 / ThePEG 2.3.0

==============================================================================
Statistics for event handler 'EventHandler':
                                       generated    number of    Cross-section
                                          events     attempts             (nb)
==============================================================================
Total (from attempted events): including vetoed events            0.12(4)e+06
==============================================================================
Total (from generated events):                1            1       0.1(1)e+06
Events carry unit weights.
==============================================================================
Per matrix element breakdown:
MEQCD2to2                                      1            1       0.1(1)e+06
MEHeavyQuark                                   0            0                0
==============================================================================
